// Jest Snapshot v1, https://goo.gl/fbAQLP

exports[`FormPosted T1 - Render component with prop compare to Snapshot 1`] = `
<div
  className="FormPosted"
>
  <h2>
    Tell me!
  </h2>
  <form>
    <textarea
      className="form-control"
      maxLength="35"
      onChange={[Function]}
      placeholder="Tell me in 30 words how you feel..."
      rows="5"
      value=""
    />
    <br />
  </form>
  <div
    className="FormPosted-Action"
  >
    <button
      className="btn btn-danger btn-action"
      id="btnClean"
      onClick={[Function]}
    >
      Clean
    </button>
    <button
      className="btn btn-primary btn-action"
      id="btnSave"
      onClick={[Function]}
    >
      Save
    </button>
  </div>
</div>
`;
