// Jest Snapshot v1, https://goo.gl/fbAQLP

exports[`Login renders without crashing given the required props 1`] = `
<div
  className="Login"
>
  <h1>
    Login
  </h1>
  <br />
  <div
    className="alert alert-info"
  >
    <div
      className="Login-Info"
    >
      <strong>
        Normal User
      </strong>
       - U: user P: user
      <br />
      <strong>
        Administrator
      </strong>
       - U: admin P: admin
    </div>
  </div>
  <br />
  <Formik
    enableReinitialize={false}
    initialValues={
      Object {
        "password": "",
        "username": "",
      }
    }
    isInitialValid={false}
    onSubmit={[Function]}
    render={[Function]}
    validateOnBlur={true}
    validateOnChange={true}
    validationSchema={
      ObjectSchema {
        "_blacklist": RefSet {
          "list": Set {},
          "refs": Map {},
        },
        "_conditions": Array [],
        "_defaultDefault": [Function],
        "_deps": Array [],
        "_excludedEdges": Array [],
        "_exclusive": Object {},
        "_mutate": false,
        "_nodes": Array [
          "password",
          "username",
        ],
        "_options": Object {
          "abortEarly": true,
          "recursive": true,
        },
        "_type": "object",
        "_typeError": [Function],
        "_whitelist": RefSet {
          "list": Set {},
          "refs": Map {},
        },
        "fields": Object {
          "password": StringSchema {
            "_blacklist": RefSet {
              "list": Set {},
              "refs": Map {},
            },
            "_conditions": Array [],
            "_deps": Array [],
            "_exclusive": Object {
              "required": false,
            },
            "_mutate": false,
            "_options": Object {
              "abortEarly": true,
              "recursive": true,
            },
            "_type": "string",
            "_typeError": [Function],
            "_whitelist": RefSet {
              "list": Set {},
              "refs": Map {},
            },
            "tests": Array [
              [Function],
              [Function],
            ],
            "transforms": Array [
              [Function],
            ],
          },
          "username": StringSchema {
            "_blacklist": RefSet {
              "list": Set {},
              "refs": Map {},
            },
            "_conditions": Array [],
            "_deps": Array [],
            "_exclusive": Object {
              "required": false,
            },
            "_mutate": false,
            "_options": Object {
              "abortEarly": true,
              "recursive": true,
            },
            "_type": "string",
            "_typeError": [Function],
            "_whitelist": RefSet {
              "list": Set {},
              "refs": Map {},
            },
            "tests": Array [
              [Function],
              [Function],
            ],
            "transforms": Array [
              [Function],
            ],
          },
        },
        "tests": Array [],
        "transforms": Array [
          [Function],
        ],
      }
    }
  />
</div>
`;
